// Jest Snapshot v1, https://goo.gl/fbAQLP

exports[`Jumbotron component should match the snapshot 1`] = `"<div class=\\"jumbotron\\"><div class=\\"slide\\" style=\\"background-image:url(345940.jpg)\\"><div class=\\"jumbotron-overlay\\"><div class=\\"inner-content\\"><div class=\\"jumbo-text-container\\"><h1>The Meg</h1><p class=\\"jumbo-overview\\">A deep sea submersible pilot revisits his past fears in the Mariana Trench, and accidentally unleashes the seventy foot ancestor of the Great White Shark believed to be extinct.</p><p class=\\"jumbo-release-date\\">Released on 2018-08-09</p><div class=\\"star-rating\\"><div style=\\"display:inline-block;position:relative\\" class=\\"dv-star-rating dv-star-rating-non-editable\\"><input type=\\"radio\\" style=\\"display:none;position:absolute;margin-left:-9999px\\" class=\\"dv-star-rating-input\\" name=\\"rate2\\" id=\\"rate2_10\\" value=\\"10\\"/><label style=\\"float:right;cursor:default;color:#333\\" class=\\"dv-star-rating-star dv-star-rating-empty-star\\" for=\\"rate2_10\\"><span>★</span></label><input type=\\"radio\\" style=\\"display:none;position:absolute;margin-left:-9999px\\" class=\\"dv-star-rating-input\\" name=\\"rate2\\" id=\\"rate2_9\\" value=\\"9\\"/><label style=\\"float:right;cursor:default;color:#333\\" class=\\"dv-star-rating-star dv-star-rating-empty-star\\" for=\\"rate2_9\\"><span>★</span></label><input type=\\"radio\\" style=\\"display:none;position:absolute;margin-left:-9999px\\" class=\\"dv-star-rating-input\\" name=\\"rate2\\" id=\\"rate2_8\\" value=\\"8\\"/><label style=\\"float:right;cursor:default;color:#333\\" class=\\"dv-star-rating-star dv-star-rating-empty-star\\" for=\\"rate2_8\\"><span>★</span></label><input type=\\"radio\\" style=\\"display:none;position:absolute;margin-left:-9999px\\" class=\\"dv-star-rating-input\\" name=\\"rate2\\" id=\\"rate2_7\\" value=\\"7\\"/><label style=\\"float:right;cursor:default;color:#333\\" class=\\"dv-star-rating-star dv-star-rating-empty-star\\" for=\\"rate2_7\\"><span>★</span></label><input type=\\"radio\\" style=\\"display:none;position:absolute;margin-left:-9999px\\" class=\\"dv-star-rating-input\\" name=\\"rate2\\" id=\\"rate2_6\\" value=\\"6\\"/><label style=\\"float:right;cursor:default;color:#ffb400\\" class=\\"dv-star-rating-star dv-star-rating-full-star\\" for=\\"rate2_6\\"><span>★</span></label><input type=\\"radio\\" style=\\"display:none;position:absolute;margin-left:-9999px\\" class=\\"dv-star-rating-input\\" name=\\"rate2\\" id=\\"rate2_5\\" value=\\"5\\"/><label style=\\"float:right;cursor:default;color:#ffb400\\" class=\\"dv-star-rating-star dv-star-rating-full-star\\" for=\\"rate2_5\\"><span>★</span></label><input type=\\"radio\\" style=\\"display:none;position:absolute;margin-left:-9999px\\" class=\\"dv-star-rating-input\\" name=\\"rate2\\" id=\\"rate2_4\\" value=\\"4\\"/><label style=\\"float:right;cursor:default;color:#ffb400\\" class=\\"dv-star-rating-star dv-star-rating-full-star\\" for=\\"rate2_4\\"><span>★</span></label><input type=\\"radio\\" style=\\"display:none;position:absolute;margin-left:-9999px\\" class=\\"dv-star-rating-input\\" name=\\"rate2\\" id=\\"rate2_3\\" value=\\"3\\"/><label style=\\"float:right;cursor:default;color:#ffb400\\" class=\\"dv-star-rating-star dv-star-rating-full-star\\" for=\\"rate2_3\\"><span>★</span></label><input type=\\"radio\\" style=\\"display:none;position:absolute;margin-left:-9999px\\" class=\\"dv-star-rating-input\\" name=\\"rate2\\" id=\\"rate2_2\\" value=\\"2\\"/><label style=\\"float:right;cursor:default;color:#ffb400\\" class=\\"dv-star-rating-star dv-star-rating-full-star\\" for=\\"rate2_2\\"><span>★</span></label><input type=\\"radio\\" style=\\"display:none;position:absolute;margin-left:-9999px\\" class=\\"dv-star-rating-input\\" name=\\"rate2\\" id=\\"rate2_1\\" value=\\"1\\"/><label style=\\"float:right;cursor:default;color:#ffb400\\" class=\\"dv-star-rating-star dv-star-rating-full-star\\" for=\\"rate2_1\\"><span>★</span></label></div></div></div></div></div></div><section class=\\"arrow-icons-container\\"><div class=\\"backArrow\\"><i class=\\"fas fa-angle-left jumbo-arrow\\"></i></div><div class=\\"nextArrow\\"><i class=\\"fas fa-angle-right jumbo-arrow\\"></i></div></section></div>"`;
