// Jest Snapshot v1, https://goo.gl/fbAQLP

exports[`Modal component should match the snapshot with a trailer 1`] = `"<noscript></noscript>"`;

exports[`Modal component should match the snapshot with no trailer 1`] = `"<noscript></noscript>"`;
