// Jest Snapshot v1, https://goo.gl/fbAQLP

exports[`CardContainer should match the snapshot 1`] = `undefined`;
